
> vite_react_shadcn_ts@0.0.0 prebuild
> node scripts/check-security-definer.mjs

[2m[security] scanned 50 migrations, 47 functions — 43 SECURITY DEFINER[0m
[32m[security] no unexpected PUBLIC/anon EXECUTE grants on SECURITY DEFINER functions.[0m

> vite_react_shadcn_ts@0.0.0 build
> vite build

vite v5.4.21 building for production...
transforming...
✓ 3246 modules transformed.
rendering chunks...
computing gzip size...
dist/index.html                                  8.00 kB │ gzip:   2.60 kB
dist/assets/yc-logo-CbFM9MKN.png                45.13 kB
dist/assets/exportWorker-C19GP6hS.js            97.18 kB
dist/assets/index-DVaJz8bU.css                 156.98 kB │ gzip:  25.50 kB
dist/assets/skeleton-Ns-rLlDi.js                 0.31 kB │ gzip:   0.24 kB
dist/assets/useReducedMotion-DYDSYS4W.js         0.32 kB │ gzip:   0.24 kB
dist/assets/MusicMixer-_T1Pw455.js               0.36 kB │ gzip:   0.26 kB
dist/assets/label-B0NjVzP9.js                    0.50 kB │ gzip:   0.34 kB
dist/assets/Reveal-lwSz_vUG.js                   0.71 kB │ gzip:   0.47 kB
dist/assets/input-CaKgGMst.js                    0.71 kB │ gzip:   0.43 kB
dist/assets/MagneticCTA-BNbaLg4O.js              0.87 kB │ gzip:   0.57 kB
dist/assets/badge-DugS8jaW.js                    0.88 kB │ gzip:   0.47 kB
dist/assets/NotFound-BPqqWuvx.js                 0.99 kB │ gzip:   0.40 kB
dist/assets/usePlanInfo-DWaN4Yge.js              1.18 kB │ gzip:   0.57 kB
dist/assets/perfBudget-BHZJsizF.js               1.24 kB │ gzip:   0.74 kB
dist/assets/RedParticles-z3yBErDI.js             1.28 kB │ gzip:   0.77 kB
dist/assets/useJob-CDprv8T9.js                   1.43 kB │ gzip:   0.71 kB
dist/assets/textarea-tMULJlWr.js                 1.57 kB │ gzip:   0.64 kB
dist/assets/TiltCard-DK-GD-3d.js                 1.60 kB │ gzip:   0.81 kB
dist/assets/card-DydGs9DK.js                     1.61 kB │ gzip:   0.48 kB
dist/assets/KalakarLogo-Cb1IvK7U.js              1.65 kB │ gzip:   0.57 kB
dist/assets/telemetry-C_ysmxGP.js                1.99 kB │ gzip:   0.98 kB
dist/assets/Plugins-C1rJV_Nc.js                  2.11 kB │ gzip:   0.80 kB
dist/assets/ShortcutsModal-Pa1Sz1fL.js           2.37 kB │ gzip:   0.79 kB
dist/assets/table-LRcXXAJC.js                    2.44 kB │ gzip:   0.65 kB
dist/assets/invokeWithRetry-B9djLf1M.js          2.62 kB │ gzip:   1.26 kB
dist/assets/AuthLayout-7fLvePJj.js               2.70 kB │ gzip:   0.69 kB
dist/assets/ForgotPassword-CqXEz-_q.js           2.89 kB │ gzip:   1.22 kB
dist/assets/runLog-rHqhhl0c.js                   2.91 kB │ gzip:   1.50 kB
dist/assets/VirtualTable-BdWssmsy.js             3.08 kB │ gzip:   0.97 kB
dist/assets/alert-dialog-fJBMGXc2.js             3.14 kB │ gzip:   0.87 kB
dist/assets/sheet-IsRRhGCH.js                    3.33 kB │ gzip:   1.04 kB
dist/assets/ResetPassword-Bmo6gRs7.js            3.69 kB │ gzip:   1.45 kB
dist/assets/quickExport-CdfM33oh.js              3.72 kB │ gzip:   1.84 kB
dist/assets/WordTimingPreview-CxRSwKA5.js        4.41 kB │ gzip:   1.40 kB
dist/assets/OverviewCharts-DoragwaX.js           4.54 kB │ gzip:   1.04 kB
dist/assets/CaptionHistoryPanel-CyIJRdW9.js      4.93 kB │ gzip:   1.59 kB
dist/assets/select-sHZYfwBG.js                   4.98 kB │ gzip:   1.27 kB
dist/assets/authErrorLog-CJCOeiQe.js             5.03 kB │ gzip:   2.13 kB
dist/assets/Feedback-CEQUw6JX.js                 5.65 kB │ gzip:   1.50 kB
dist/assets/Templates-Bbxis6F2.js                5.73 kB │ gzip:   1.88 kB
dist/assets/Testimonials-BTsSaFu0.js             5.81 kB │ gzip:   1.84 kB
dist/assets/Privacy-BAxRVMzx.js                  5.84 kB │ gzip:   2.29 kB
dist/assets/primitives-CsuTmtGR.js               6.10 kB │ gzip:   1.51 kB
dist/assets/musicEngine-BTWR52M6.js              6.10 kB │ gzip:   2.28 kB
dist/assets/Terms-Bl4noVeY.js                    6.30 kB │ gzip:   2.48 kB
dist/assets/SignUp-C4VMCP5e.js                   6.42 kB │ gzip:   2.13 kB
dist/assets/About-BHXIHPR4.js                    6.45 kB │ gzip:   1.64 kB
dist/assets/OAuthConsent-XdeMR4DM.js             6.51 kB │ gzip:   1.87 kB
dist/assets/ProcessingStatusPanel-DJkpAgI7.js    6.78 kB │ gzip:   2.05 kB
dist/assets/EditingSoftware-BiNtza1l.js          7.34 kB │ gzip:   2.16 kB
dist/assets/PerfHUD-CpoO0JK1.js                  7.56 kB │ gzip:   2.09 kB
dist/assets/AdminRoles-DTb6Bsq6.js               7.84 kB │ gzip:   1.93 kB
dist/assets/CaptionReviewPanel-BNNiwnVv.js       7.87 kB │ gzip:   2.26 kB
dist/assets/Contact-w4hdO-Ws.js                  8.04 kB │ gzip:   1.86 kB
dist/assets/Signup-C6BvCEF4.js                   8.11 kB │ gzip:   2.65 kB
dist/assets/Overview-DMyTc4Yf.js                 8.24 kB │ gzip:   2.29 kB
dist/assets/Exports-DDB_rMZ1.js                  8.33 kB │ gzip:   1.91 kB
dist/assets/LanguagePicker-BvQMmU-1.js           8.70 kB │ gzip:   2.15 kB
dist/assets/Subscriptions-XVBnUVar.js            8.70 kB │ gzip:   1.96 kB
dist/assets/Login-BkX2op3k.js                    9.08 kB │ gzip:   2.82 kB
dist/assets/Blog-B645DbN1.js                     9.23 kB │ gzip:   2.50 kB
dist/assets/AdminSecurityAlerts-DtXCSOEG.js      9.27 kB │ gzip:   2.16 kB
dist/assets/AdminHero-DoOLT02b.js                9.63 kB │ gzip:   2.79 kB
dist/assets/date-fns-5vrp8xtd.js                 9.82 kB │ gzip:   3.37 kB
dist/assets/Settings-BXRqm_qm.js                 9.83 kB │ gzip:   2.21 kB
dist/assets/E2ETest-COQ72RbK.js                  9.89 kB │ gzip:   2.84 kB
dist/assets/SpellCheckDialog-DMveDzfu.js        10.31 kB │ gzip:   2.66 kB
dist/assets/Reports-D_Cz8cxD.js                 10.81 kB │ gzip:   1.82 kB
dist/assets/TemplatesSmokeTest-Buw9dx7F.js      11.10 kB │ gzip:   2.80 kB
dist/assets/Pricing-Cbo05O-8.js                 11.16 kB │ gzip:   2.92 kB
dist/assets/Projects-DgvrguQt.js                11.22 kB │ gzip:   2.66 kB
dist/assets/SiteFooter-C4Q9JS3l.js              12.69 kB │ gzip:   3.04 kB
dist/assets/Features-DY8OqJql.js                13.13 kB │ gzip:   2.60 kB
dist/assets/PasteSubtitlesDialog-D8mncFKz.js    14.14 kB │ gzip:   3.45 kB
dist/assets/exportSettings-Dv8JN05W.js          14.23 kB │ gzip:   5.98 kB
dist/assets/Settings-DO01ihug.js                14.37 kB │ gzip:   2.89 kB
dist/assets/AdminShell-BLPzjwmT.js              14.66 kB │ gzip:   3.41 kB
dist/assets/SmokeTest-BosPAf6w.js               15.40 kB │ gzip:   4.74 kB
dist/assets/languages-BwI-sir8.js               15.54 kB │ gzip:   5.04 kB
dist/assets/AdminPerformance-8feI0RZQ.js        17.15 kB │ gzip:   3.26 kB
dist/assets/AssetLibrary-YtyAkeTp.js            17.85 kB │ gzip:   4.58 kB
dist/assets/DubModal-CIRmi4Ix.js                18.02 kB │ gzip:   4.22 kB
dist/assets/SignIn-C1RINzI7.js                  18.11 kB │ gzip:   4.49 kB
dist/assets/RunLogs-ckQdh2I8.js                 18.50 kB │ gzip:   3.80 kB
dist/assets/TranscribeCompare-Doc2zU7M.js       18.80 kB │ gzip:   4.48 kB
dist/assets/SecurityIssues-DcFLDn2m.js          18.84 kB │ gzip:   3.82 kB
dist/assets/EditorEmbed-D0fIpkPN.js             20.84 kB │ gzip:   4.48 kB
dist/assets/NewProject-fTjsw7QT.js              21.72 kB │ gzip:   5.02 kB
dist/assets/Home-CKwBo3rL.js                    21.79 kB │ gzip:   4.65 kB
dist/assets/BatchUploads-CMaJ2Euv.js            22.12 kB │ gzip:   5.29 kB
dist/assets/Pricing-BO-Pl9j1.js                 22.17 kB │ gzip:   4.42 kB
dist/assets/Users-DaVQAbtG.js                   23.36 kB │ gzip:   4.22 kB
dist/assets/TeamSpaces-vEbdebFy.js              23.98 kB │ gzip:   4.90 kB
dist/assets/DashboardLayout-DGrMP7uv.js         24.46 kB │ gzip:   4.72 kB
dist/assets/ExportModal-C73f4com.js             25.75 kB │ gzip:   5.60 kB
dist/assets/EditorPreview-BRZTYk1K.js           29.35 kB │ gzip:   5.21 kB
dist/assets/ui-extras-DBRksUk9.js               32.69 kB │ gzip:   9.50 kB
dist/assets/motion-Dmp7OQPN.js                  33.22 kB │ gzip:  11.61 kB
dist/assets/ErrorLogs-oGQ9HbqJ.js               38.09 kB │ gzip:   9.21 kB
dist/assets/router-zJxOHWvm.js                  38.38 kB │ gzip:  13.91 kB
dist/assets/Dashboard-BFDjWn5y.js               41.81 kB │ gzip:   8.98 kB
dist/assets/AdminUsage-DSzxsD3b.js              43.31 kB │ gzip:   7.59 kB
dist/assets/zod-KBJzO2d1.js                     52.95 kB │ gzip:  12.09 kB
dist/assets/icons-BOJdfzIE.js                   60.40 kB │ gzip:  11.14 kB
dist/assets/query-Ce1fw3EC.js                   65.85 kB │ gzip:  19.79 kB
dist/assets/radix-Dv4KcS0t.js                  113.45 kB │ gzip:  34.56 kB
dist/assets/CaptionRightPanel-DLITHcm5.js      113.86 kB │ gzip:  19.30 kB
dist/assets/index-lwLPdDi3.js                  165.00 kB │ gzip:  35.38 kB
dist/assets/export-media-CfS7wybd.js           183.30 kB │ gzip:  44.98 kB
dist/assets/supabase-CbxsNB4l.js               206.92 kB │ gzip:  54.17 kB
dist/assets/ProjectView-D2CVYC0F.js            221.41 kB │ gzip:  50.16 kB
dist/assets/vendor-D6CkR_Ot.js                 249.50 kB │ gzip:  86.70 kB
dist/assets/charts-CLAPvqr5.js                 318.61 kB │ gzip:  87.02 kB
dist/assets/react-udDUEzbt.js                  340.41 kB │ gzip: 104.13 kB
✓ built in 18.59s
